[transformers] PyTorch was not found. Models won't be available and only tokenizers, configuration and file/data utilities can be used.
short full-logit pipeline gate passed 127
short exact_host -1 58.019
short exact_joint -1 58.21
short exact_async -1 68.821
short prepared_async -1 69.674
short original_async -1 62.569
short exact_host 0 58.048
short exact_joint 0 58.248
short exact_async 0 68.783
short prepared_async 0 69.439
short original_async 0 62.503
short exact_joint 1 58.059
short exact_async 1 68.83
short prepared_async 1 69.952
short original_async 1 62.807
short exact_host 1 58.344
short exact_async 2 68.561
short prepared_async 2 69.773
short original_async 2 62.784
short exact_host 2 59.476
short exact_joint 2 59.179
short prepared_async 3 68.774
short original_async 3 62.725
short exact_host 3 58.199
short exact_joint 3 60.412
short exact_async 3 68.012
short original_async 4 62.633
short exact_host 4 57.223
short exact_joint 4 57.871
short exact_async 4 65.965
short prepared_async 4 56.524
short original_async 5 62.603
short prepared_async 5 69.583
short exact_async 5 68.067
short exact_joint 5 59.592
short exact_host 5 58.567
short exact_host 6 59.043
short original_async 6 62.043
short prepared_async 6 68.784
short exact_async 6 67.391
short exact_joint 6 57.774
short exact_joint 7 58.902
short exact_host 7 59.07
short original_async 7 62.245
short prepared_async 7 69.057
short exact_async 7 67.752
short exact_async 8 67.696
short exact_joint 8 56.929
short exact_host 8 58.226
short original_async 8 62.412
short prepared_async 8 68.722
short prepared_async 9 69.059
short exact_async 9 67.891
short exact_joint 9 57.011
short exact_host 9 58.031
short original_async 9 62.543
