[transformers] PyTorch was not found. Models won't be available and only tokenizers, configuration and file/data utilities can be used.
short full-logit pipeline gate passed 127
short exact_host -1 62.406
short exact_joint -1 62.433
short exact_async -1 68.127
short prepared_async -1 69.003
short original_async -1 61.965
short exact_host 0 62.382
short exact_joint 0 62.031
short exact_async 0 68.047
short prepared_async 0 68.906
short original_async 0 62.048
short exact_joint 1 62.217
short exact_async 1 68.099
short prepared_async 1 68.798
short original_async 1 61.993
short exact_host 1 62.315
short exact_async 2 67.805
short prepared_async 2 68.036
short original_async 2 61.617
short exact_host 2 60.864
short exact_joint 2 62.029
short prepared_async 3 69.001
short original_async 3 62.03
short exact_host 3 62.275
short exact_joint 3 62.203
short exact_async 3 67.971
short original_async 4 61.979
short exact_host 4 62.217
short exact_joint 4 62.337
short exact_async 4 67.814
short prepared_async 4 68.851
short original_async 5 61.855
short prepared_async 5 68.715
short exact_async 5 67.787
short exact_joint 5 61.747
short exact_host 5 61.886
short exact_host 6 62.018
short original_async 6 61.689
short prepared_async 6 68.197
short exact_async 6 67.686
short exact_joint 6 61.899
short exact_joint 7 61.925
short exact_host 7 61.791
short original_async 7 61.631
short prepared_async 7 68.233
short exact_async 7 67.475
short exact_async 8 67.465
short exact_joint 8 61.203
short exact_host 8 61.647
short original_async 8 61.549
short prepared_async 8 68.362
short prepared_async 9 68.204
short exact_async 9 67.46
short exact_joint 9 61.62
short exact_host 9 61.688
short original_async 9 61.554
rust full-logit pipeline gate passed 127
rust exact_host -1 61.458
rust exact_joint -1 61.63
rust exact_async -1 67.444
rust prepared_async -1 68.317
rust original_async -1 61.502
rust exact_host 0 61.632
rust exact_joint 0 61.393
rust exact_async 0 67.321
rust prepared_async 0 68.002
rust original_async 0 61.556
rust exact_joint 1 61.507
rust exact_async 1 67.532
rust prepared_async 1 68.241
rust original_async 1 61.589
rust exact_host 1 61.701
rust exact_async 2 67.513
rust prepared_async 2 68.376
rust original_async 2 61.308
rust exact_host 2 60.766
rust exact_joint 2 59.888
rust prepared_async 3 68.501
rust original_async 3 61.615
rust exact_host 3 61.937
rust exact_joint 3 61.886
rust exact_async 3 67.711
rust original_async 4 61.683
rust exact_host 4 61.947
rust exact_joint 4 61.674
rust exact_async 4 67.722
rust prepared_async 4 68.498
rust original_async 5 61.43
rust prepared_async 5 68.59
rust exact_async 5 67.631
rust exact_joint 5 61.853
rust exact_host 5 61.419
rust exact_host 6 61.708
rust original_async 6 61.743
rust prepared_async 6 68.501
rust exact_async 6 67.545
rust exact_joint 6 61.279
rust exact_joint 7 61.031
rust exact_host 7 61.52
rust original_async 7 61.463
rust prepared_async 7 67.725
rust exact_async 7 67.513
rust exact_async 8 67.126
rust exact_joint 8 61.64
rust exact_host 8 61.675
rust original_async 8 61.64
rust prepared_async 8 68.362
rust prepared_async 9 68.432
rust exact_async 9 67.521
rust exact_joint 9 61.445
rust exact_host 9 61.688
rust original_async 9 61.501
long full-logit pipeline gate passed 127
long exact_host -1 55.908
long exact_joint -1 55.95
long exact_async -1 60.937
long prepared_async -1 61.683
long original_async -1 55.708
long exact_host 0 55.801
long exact_joint 0 55.611
long exact_async 0 60.584
long prepared_async 0 61.456
long original_async 0 55.724
long exact_joint 1 55.537
long exact_async 1 61.004
long prepared_async 1 60.947
long original_async 1 55.737
long exact_host 1 56.031
long exact_async 2 60.74
long prepared_async 2 61.644
long original_async 2 55.898
long exact_host 2 56.056
long exact_joint 2 55.994
long prepared_async 3 61.738
long original_async 3 55.712
long exact_host 3 55.416
long exact_joint 3 55.189
long exact_async 3 61.058
long original_async 4 55.933
long exact_host 4 55.985
long exact_joint 4 55.589
long exact_async 4 60.819
long prepared_async 4 61.654
long original_async 5 55.795
long prepared_async 5 61.825
long exact_async 5 60.85
long exact_joint 5 55.805
long exact_host 5 55.191
long exact_host 6 55.749
long original_async 6 55.915
long prepared_async 6 61.702
long exact_async 6 60.766
long exact_joint 6 56.012
long exact_joint 7 55.935
long exact_host 7 55.575
long original_async 7 54.766
long prepared_async 7 60.408
long exact_async 7 61.204
long exact_async 8 61.121
long exact_joint 8 55.655
long exact_host 8 55.388
long original_async 8 56.022
long prepared_async 8 61.749
long prepared_async 9 61.932
long exact_async 9 60.577
long exact_joint 9 55.712
long exact_host 9 54.569
long original_async 9 55.799
