[transformers] PyTorch was not found. Models won't be available and only tokenizers, configuration and file/data utilities can be used.
short full-logit pipeline gate passed 127
short original_async -1 61.899
short exact_async -1 68.14
short exact_sync -1 61.445
short exact_async 0 68.182
short original_async 0 50.009
short exact_sync 0 55.699
short exact_async 1 63.959
short exact_sync 1 58.482
short original_async 1 60.489
short exact_sync 2 58.437
short exact_async 2 66.169
short original_async 2 61.597
short exact_sync 3 60.083
short original_async 3 62.082
short exact_async 3 67.281
short original_async 4 62.398
short exact_sync 4 60.929
short exact_async 4 67.168
short original_async 5 62.207
short exact_async 5 66.714
short exact_sync 5 60.61
rust full-logit pipeline gate passed 127
rust original_async -1 62.096
rust exact_async -1 67.136
rust exact_sync -1 60.574
rust exact_async 0 67.363
rust original_async 0 62.017
rust exact_sync 0 60.568
rust exact_async 1 66.978
rust exact_sync 1 60.442
rust original_async 1 61.191
rust exact_sync 2 60.676
rust exact_async 2 67.385
rust original_async 2 61.215
rust exact_sync 3 57.9
rust original_async 3 11.745
rust exact_async 3 65.227
rust original_async 4 61.232
rust exact_sync 4 60.322
rust exact_async 4 67.459
rust original_async 5 61.381
rust exact_async 5 67.422
rust exact_sync 5 61.065
long full-logit pipeline gate passed 127
long original_async -1 55.551
long exact_async -1 60.572
long exact_sync -1 55.17
long exact_async 0 60.777
long original_async 0 55.746
long exact_sync 0 55.245
long exact_async 1 60.609
long exact_sync 1 54.092
long original_async 1 55.845
long exact_sync 2 52.976
long exact_async 2 60.699
long original_async 2 55.593
long exact_sync 3 55.254
long original_async 3 55.793
long exact_async 3 60.792
long original_async 4 55.587
long exact_sync 4 54.708
long exact_async 4 60.671
long original_async 5 55.708
long exact_async 5 60.738
long exact_sync 5 55.417
