[transformers] PyTorch was not found. Models won't be available and only tokenizers, configuration and file/data utilities can be used.
short full-logit pipeline gate passed 127
short prepared_async -1 68.273
short exact_sync -1 59.607
short exact_sync 0 59.805
short prepared_async 0 67.545
short prepared_async 1 66.529
short exact_sync 1 59.684
short exact_sync 2 60.355
short prepared_async 2 67.26
short prepared_async 3 65.541
short exact_sync 3 59.939
short exact_sync 4 58.117
short prepared_async 4 66.505
short prepared_async 5 67.831
short exact_sync 5 59.338
short exact_sync 6 60.056
short prepared_async 6 67.757
short prepared_async 7 66.854
short exact_sync 7 60.227
short exact_sync 8 60.659
short prepared_async 8 67.587
short prepared_async 9 66.946
short exact_sync 9 60.28
short exact_sync 10 60.771
short prepared_async 10 67.614
short prepared_async 11 67.025
short exact_sync 11 60.272
rust full-logit pipeline gate passed 127
rust prepared_async -1 67.736
rust exact_sync -1 60.466
rust exact_sync 0 60.728
rust prepared_async 0 68.094
rust prepared_async 1 67.515
rust exact_sync 1 60.65
rust exact_sync 2 60.921
rust prepared_async 2 68.24
rust prepared_async 3 67.522
rust exact_sync 3 60.511
rust exact_sync 4 60.995
rust prepared_async 4 68.275
rust prepared_async 5 67.75
rust exact_sync 5 60.359
rust exact_sync 6 60.884
rust prepared_async 6 68.292
rust prepared_async 7 67.904
rust exact_sync 7 60.763
rust exact_sync 8 60.965
rust prepared_async 8 68.331
rust prepared_async 9 67.672
rust exact_sync 9 60.605
rust exact_sync 10 60.776
rust prepared_async 10 68.339
rust prepared_async 11 68.016
rust exact_sync 11 60.336
long full-logit pipeline gate passed 127
long prepared_async -1 61.986
long exact_sync -1 55.567
long exact_sync 0 55.583
long prepared_async 0 61.941
long prepared_async 1 61.877
long exact_sync 1 55.528
long exact_sync 2 55.05
long prepared_async 2 62.036
long prepared_async 3 62.006
long exact_sync 3 54.919
long exact_sync 4 55.604
long prepared_async 4 61.977
long prepared_async 5 61.86
long exact_sync 5 54.936
long exact_sync 6 55.066
long prepared_async 6 62.029
long prepared_async 7 61.905
long exact_sync 7 55.539
long exact_sync 8 55.621
long prepared_async 8 61.844
long prepared_async 9 61.869
long exact_sync 9 54.985
long exact_sync 10 55.037
long prepared_async 10 61.876
long prepared_async 11 61.761
long exact_sync 11 55.354
