[transformers] PyTorch was not found. Models won't be available and only tokenizers, configuration and file/data utilities can be used.
short full-logit pipeline gate passed 127
short prepared_async -1 68.665
short exact_async -1 67.903
short exact_joint -1 62.209
short exact_sync -1 61.56
short exact_joint 0 61.9
short exact_async 0 68.136
short prepared_async 0 69.028
short exact_sync 0 61.574
short exact_joint 1 62.085
short exact_sync 1 61.451
short prepared_async 1 68.953
short exact_async 1 68.124
short prepared_async 2 68.992
short exact_sync 2 61.547
short exact_joint 2 62.202
short exact_async 2 68.164
short prepared_async 3 68.717
short exact_async 3 68.055
short exact_joint 3 61.872
short exact_sync 3 61.451
short exact_joint 4 61.894
short exact_async 4 68.091
short prepared_async 4 69.01
short exact_sync 4 61.662
short exact_joint 5 62.14
short exact_sync 5 61.541
short prepared_async 5 68.974
short exact_async 5 67.99
short prepared_async 6 69.027
short exact_sync 6 61.428
short exact_joint 6 62.183
short exact_async 6 68.092
short prepared_async 7 68.746
short exact_async 7 68.061
short exact_joint 7 62.042
short exact_sync 7 61.578
rust full-logit pipeline gate passed 127
rust prepared_async -1 68.991
rust exact_async -1 67.834
rust exact_joint -1 62.074
rust exact_sync -1 61.187
rust exact_joint 0 61.298
rust exact_async 0 67.83
rust prepared_async 0 68.877
rust exact_sync 0 60.958
rust exact_joint 1 62.18
rust exact_sync 1 61.4
rust prepared_async 1 62.101
rust exact_async 1 40.789
rust prepared_async 2 49.433
rust exact_sync 2 46.733
rust exact_joint 2 52.164
rust exact_async 2 55.426
rust prepared_async 3 65.88
rust exact_async 3 67.03
rust exact_joint 3 61.494
rust exact_sync 3 55.343
rust exact_joint 4 59.258
rust exact_async 4 64.776
rust prepared_async 4 66.849
rust exact_sync 4 60.917
rust exact_joint 5 61.819
rust exact_sync 5 61.322
rust prepared_async 5 68.627
rust exact_async 5 67.831
rust prepared_async 6 68.582
rust exact_sync 6 61.341
rust exact_joint 6 61.915
rust exact_async 6 67.826
rust prepared_async 7 68.631
rust exact_async 7 67.746
rust exact_joint 7 61.832
rust exact_sync 7 61.256
long full-logit pipeline gate passed 127
long prepared_async -1 61.571
long exact_async -1 60.924
long exact_joint -1 55.659
long exact_sync -1 54.74
long exact_joint 0 55.234
long exact_async 0 60.962
long prepared_async 0 61.588
long exact_sync 0 55.363
long exact_joint 1 55.241
long exact_sync 1 55.328
long prepared_async 1 61.668
long exact_async 1 60.913
long prepared_async 2 61.492
long exact_sync 2 54.89
long exact_joint 2 55.356
long exact_async 2 60.883
long prepared_async 3 61.627
long exact_async 3 60.85
long exact_joint 3 54.869
long exact_sync 3 54.898
long exact_joint 4 56.022
long exact_async 4 60.956
long prepared_async 4 61.682
long exact_sync 4 54.85
long exact_joint 5 55.431
long exact_sync 5 55.613
long prepared_async 5 61.637
long exact_async 5 60.918
long prepared_async 6 61.446
long exact_sync 6 55.165
long exact_joint 6 55.708
long exact_async 6 60.986
long prepared_async 7 61.25
long exact_async 7 60.909
long exact_joint 7 55.486
long exact_sync 7 55.295
