[transformers] PyTorch was not found. Models won't be available and only tokenizers, configuration and file/data utilities can be used.
long full-logit pipeline gate passed 127
long exact_host -1 55.433
long exact_joint -1 55.785
long prepared_async -1 61.943
long exact_host 0 55.464
long exact_joint 0 54.857
long prepared_async 0 61.55
long exact_joint 1 55.001
long prepared_async 1 58.317
long exact_host 1 55.07
long prepared_async 2 61.393
long exact_host 2 54.805
long exact_joint 2 53.988
long prepared_async 3 60.145
long exact_joint 3 53.803
long exact_host 3 55.032
long exact_host 4 54.879
long prepared_async 4 61.265
long exact_joint 4 55.484
long exact_joint 5 53.431
long exact_host 5 54.909
long prepared_async 5 61.385
long exact_host 6 55.607
long exact_joint 6 55.342
long prepared_async 6 59.927
long exact_joint 7 44.388
long prepared_async 7 60.327
long exact_host 7 50.732
long prepared_async 8 60.528
long exact_host 8 53.183
long exact_joint 8 55.605
long prepared_async 9 61.458
long exact_joint 9 55.329
long exact_host 9 54.718
long exact_host 10 55.007
long prepared_async 10 61.612
long exact_joint 10 53.603
long exact_joint 11 54.24
long exact_host 11 54.273
long prepared_async 11 61.723
long exact_host 12 55.014
long exact_joint 12 55.846
long prepared_async 12 61.747
long exact_joint 13 55.733
long prepared_async 13 61.921
long exact_host 13 55.261
long prepared_async 14 61.478
long exact_host 14 36.748
long exact_joint 14 51.835
long prepared_async 15 59.265
long exact_joint 15 23.195
long exact_host 15 53.036
long exact_host 16 54.635
long prepared_async 16 59.716
long exact_joint 16 52.84
long exact_joint 17 51.463
long exact_host 17 24.338
long prepared_async 17 32.265
long exact_host 18 32.392
long exact_joint 18 32.286
long prepared_async 18 39.005
long exact_joint 19 45.003
long prepared_async 19 32.167
long exact_host 19 30.682
long prepared_async 20 33.612
long exact_host 20 53.781
long exact_joint 20 54.96
long prepared_async 21 29.356
long exact_joint 21 28.303
long exact_host 21 33.174
long exact_host 22 47.674
long prepared_async 22 60.24
long exact_joint 22 52.038
long exact_joint 23 52.214
long exact_host 23 55.164
long prepared_async 23 62.017
