[transformers] PyTorch was not found. Models won't be available and only tokenizers, configuration and file/data utilities can be used.
short full-logit pipeline gate passed 31
short prepared -1 55.68
short ready_direct -1 51.15
short ready_late -1 50.441
short ready_early -1 50.762
short prepared 0 56.964
short ready_direct 0 52.421
short ready_late 0 51.888
short ready_early 0 51.419
short ready_direct 1 51.787
short ready_late 1 51.741
short ready_early 1 51.695
short prepared 1 57.385
short ready_late 2 51.525
short ready_early 2 51.478
short prepared 2 57.277
short ready_direct 2 52.659
short ready_early 3 51.494
short prepared 3 56.632
short ready_direct 3 52.662
short ready_late 3 51.914
short ready_early 4 51.421
short ready_late 4 51.975
short ready_direct 4 52.517
short prepared 4 57.081
short prepared 5 56.949
short ready_early 5 51.427
short ready_late 5 52.034
short ready_direct 5 52.916
short ready_direct 6 52.454
short prepared 6 56.636
short ready_early 6 51.74
short ready_late 6 51.582
short ready_late 7 51.797
short ready_direct 7 52.221
short prepared 7 56.855
short ready_early 7 51.213
