1 0 complete
1 1 complete
1 2 complete
1 3 complete
1 4 complete
1 5 complete
1 6 complete
1 7 complete
1 8 complete
1 9 complete
1 10 complete
1 11 complete
1 12 complete
1 13 complete
7 0 complete
7 1 complete
7 2 complete
7 3 complete
7 4 complete
7 5 complete
7 6 complete
7 7 complete
7 8 complete
7 9 complete
7 10 complete
7 11 complete
7 12 complete
7 13 complete
47 0 complete
47 1 complete
47 2 complete
47 3 complete
47 4 complete
47 5 complete
47 6 complete
47 7 complete
47 8 complete
47 9 complete
47 10 complete
47 11 complete
47 12 complete
47 13 complete
