[transformers] PyTorch was not found. Models won't be available and only tokenizers, configuration and file/data utilities can be used.
short full-logit pipeline gate passed 31
short prepared -1 59.721
short ready_direct -1 56.192
short ready_late -1 54.462
short ready_early -1 54.632
short prepared 0 59.759
short ready_direct 0 56.141
short ready_late 0 54.816
short ready_early 0 54.297
short ready_direct 1 55.479
short ready_late 1 55.132
short ready_early 1 54.634
short prepared 1 59.484
short ready_late 2 54.734
short ready_early 2 54.505
short prepared 2 59.808
short ready_direct 2 56.006
short ready_early 3 54.629
short prepared 3 59.73
short ready_direct 3 55.883
short ready_late 3 55.004
short ready_early 4 54.66
short ready_late 4 53.595
short ready_direct 4 56.073
short prepared 4 59.638
short prepared 5 58.698
short ready_early 5 54.31
short ready_late 5 54.536
short ready_direct 5 55.473
short ready_direct 6 55.431
short prepared 6 59.015
short ready_early 6 54.077
short ready_late 6 54.736
short ready_late 7 54.227
short ready_direct 7 55.701
short prepared 7 59.351
short ready_early 7 54.33
